[2024-12-15T10:00:00.000Z] AUTO-BETTING STARTED
[2024-12-15T10:00:00.001Z] CONFIG: {"amount":5,"cashout":2.5,"crashAt":2,"crashTimes":3,"onLoss":30,"onWin":-25,"resumeAt":5,"resumeAdjust":0,"resumeBelowAt":0,"resumeBelowTimes":0,"resetThreshold":0,"profitTimes":0,"lossResetAmount":0,"walletStopLoss":0,"decimalPlaces":0}
[2024-12-15T10:00:05.000Z] New crash detected: 1.5
[2024-12-15T10:00:05.100Z] === PLACING BET ===
[2024-12-15T10:00:05.101Z] Current bet amount: 5
[2024-12-15T10:00:05.102Z] Last bet amount: 0
[2024-12-15T10:00:05.103Z] Original bet amount: 5
[2024-12-15T10:00:07.000Z] Loss this round: 5, Total profit: -5.00
[2024-12-15T10:00:07.001Z] LOST: 5 -> 6.5 (30% increase)
[2024-12-15T10:00:07.002Z] Low crash: 1.5 < 2. Count: 1
[2024-12-15T10:00:10.000Z] New crash detected: 1.8
[2024-12-15T10:00:10.100Z] === PLACING BET ===
[2024-12-15T10:00:10.101Z] Current bet amount: 6.5
[2024-12-15T10:00:10.102Z] Last bet amount: 5
[2024-12-15T10:00:10.103Z] Original bet amount: 5
[2024-12-15T10:00:12.000Z] Loss this round: 6.5, Total profit: -11.50
[2024-12-15T10:00:12.001Z] LOST: 6.5 -> 8.45 (30% increase)
[2024-12-15T10:00:12.002Z] Low crash: 1.8 < 2. Count: 2
[2024-12-15T10:00:15.000Z] New crash detected: 1.2
[2024-12-15T10:00:15.100Z] === PLACING BET ===
[2024-12-15T10:00:15.101Z] Current bet amount: 8.45
[2024-12-15T10:00:15.102Z] Last bet amount: 6.5
[2024-12-15T10:00:15.103Z] Original bet amount: 5
[2024-12-15T10:00:17.000Z] Loss this round: 8.45, Total profit: -19.95
[2024-12-15T10:00:17.001Z] LOST: 8.45 -> 10.99 (30% increase)
[2024-12-15T10:00:17.002Z] Low crash: 1.2 < 2. Count: 3
[2024-12-15T10:00:17.003Z] SKIP TRIGGERED: 3 crashes < 2
[2024-12-15T10:00:20.000Z] New crash detected: 3.0
[2024-12-15T10:00:20.001Z] BET SKIPPED
[2024-12-15T10:00:25.000Z] New crash detected: 4.2
[2024-12-15T10:00:25.001Z] BET SKIPPED
[2024-12-15T10:00:30.000Z] New crash detected: 6.0
[2024-12-15T10:00:30.001Z] RESUME: Crash 6 >= 5
[2024-12-15T10:00:30.100Z] === PLACING BET ===
[2024-12-15T10:00:30.101Z] Current bet amount: 10.99
[2024-12-15T10:00:30.102Z] Last bet amount: 8.45
[2024-12-15T10:00:30.103Z] Original bet amount: 5
[2024-12-15T10:00:32.000Z] Profit this round: 16.49, Total profit: -3.46
[2024-12-15T10:00:32.001Z] WON: 10.99 -> 8.24 (-25% decrease)
[2024-12-15T10:00:32.002Z] Crash reached threshold: 6 >= 2, reset count
[2024-12-15T10:00:35.000Z] New crash detected: 3.5
[2024-12-15T10:00:35.100Z] === PLACING BET ===
[2024-12-15T10:00:35.101Z] Current bet amount: 8.24
[2024-12-15T10:00:35.102Z] Last bet amount: 10.99
[2024-12-15T10:00:35.103Z] Original bet amount: 5
[2024-12-15T10:00:37.000Z] Profit this round: 12.36, Total profit: 8.90
[2024-12-15T10:00:37.001Z] WON: 8.24 -> 6.18 (-25% decrease)
[2024-12-15T10:00:37.002Z] Crash reached threshold: 3.5 >= 2, reset count
[2024-12-15T10:00:40.000Z] New crash detected: 2.8
[2024-12-15T10:00:40.100Z] === PLACING BET ===
[2024-12-15T10:00:40.101Z] Current bet amount: 6.18
[2024-12-15T10:00:40.102Z] Last bet amount: 8.24
[2024-12-15T10:00:40.103Z] Original bet amount: 5
[2024-12-15T10:00:42.000Z] Profit this round: 9.27, Total profit: 18.17
[2024-12-15T10:00:42.001Z] WON: 6.18 -> 4.64 (-25% decrease)
[2024-12-15T10:00:42.002Z] Crash reached threshold: 2.8 >= 2, reset count
[2024-12-15T10:00:45.000Z] New crash detected: 1.3
[2024-12-15T10:00:45.100Z] === PLACING BET ===
[2024-12-15T10:00:45.101Z] Current bet amount: 4.64
[2024-12-15T10:00:45.102Z] Last bet amount: 6.18
[2024-12-15T10:00:45.103Z] Original bet amount: 5
[2024-12-15T10:00:47.000Z] Loss this round: 4.64, Total profit: 13.53
[2024-12-15T10:00:47.001Z] LOST: 4.64 -> 6.03 (30% increase)
[2024-12-15T10:00:47.002Z] Low crash: 1.3 < 2. Count: 1
[2024-12-15T10:00:50.000Z] New crash detected: 1.7
[2024-12-15T10:00:50.100Z] === PLACING BET ===
[2024-12-15T10:00:50.101Z] Current bet amount: 6.03
[2024-12-15T10:00:50.102Z] Last bet amount: 4.64
[2024-12-15T10:00:50.103Z] Original bet amount: 5
[2024-12-15T10:00:52.000Z] Loss this round: 6.03, Total profit: 7.50
[2024-12-15T10:00:52.001Z] LOST: 6.03 -> 7.84 (30% increase)
[2024-12-15T10:00:52.002Z] Low crash: 1.7 < 2. Count: 2
[2024-12-15T10:00:55.000Z] New crash detected: 4.5
[2024-12-15T10:00:55.100Z] === PLACING BET ===
[2024-12-15T10:00:55.101Z] Current bet amount: 7.84
[2024-12-15T10:00:55.102Z] Last bet amount: 6.03
[2024-12-15T10:00:55.103Z] Original bet amount: 5
[2024-12-15T10:00:57.000Z] Profit this round: 11.76, Total profit: 19.26
[2024-12-15T10:00:57.001Z] WON: 7.84 -> 5.88 (-25% decrease)
[2024-12-15T10:00:57.002Z] Crash reached threshold: 4.5 >= 2, reset count
[2024-12-15T10:01:00.000Z] New crash detected: 2.1
[2024-12-15T10:01:00.100Z] === PLACING BET ===
[2024-12-15T10:01:00.101Z] Current bet amount: 5.88
[2024-12-15T10:01:00.102Z] Last bet amount: 7.84
[2024-12-15T10:01:00.103Z] Original bet amount: 5
[2024-12-15T10:01:02.000Z] Loss this round: 5.88, Total profit: 13.38
[2024-12-15T10:01:02.001Z] LOST: 5.88 -> 7.64 (30% increase)
[2024-12-15T10:01:02.002Z] Crash reached threshold: 2.1 >= 2, reset count
[2024-12-15T10:01:05.000Z] New crash detected: 3.2
[2024-12-15T10:01:05.100Z] === PLACING BET ===
[2024-12-15T10:01:05.101Z] Current bet amount: 7.64
[2024-12-15T10:01:05.102Z] Last bet amount: 5.88
[2024-12-15T10:01:05.103Z] Original bet amount: 5
[2024-12-15T10:01:07.000Z] Profit this round: 11.46, Total profit: 24.84
[2024-12-15T10:01:07.001Z] WON: 7.64 -> 5.73 (-25% decrease)
[2024-12-15T10:01:07.002Z] Crash reached threshold: 3.2 >= 2, reset count
[2024-12-15T10:01:10.000Z] New crash detected: 1.1
[2024-12-15T10:01:10.100Z] === PLACING BET ===
[2024-12-15T10:01:10.101Z] Current bet amount: 5.73
[2024-12-15T10:01:10.102Z] Last bet amount: 7.64
[2024-12-15T10:01:10.103Z] Original bet amount: 5
[2024-12-15T10:01:12.000Z] Loss this round: 5.73, Total profit: 19.11
[2024-12-15T10:01:12.001Z] LOST: 5.73 -> 7.45 (30% increase)
[2024-12-15T10:01:12.002Z] Low crash: 1.1 < 2. Count: 1
[2024-12-15T10:01:15.000Z] New crash detected: 1.9
[2024-12-15T10:01:15.100Z] === PLACING BET ===
[2024-12-15T10:01:15.101Z] Current bet amount: 7.45
[2024-12-15T10:01:15.102Z] Last bet amount: 5.73
[2024-12-15T10:01:15.103Z] Original bet amount: 5
[2024-12-15T10:01:17.000Z] Loss this round: 7.45, Total profit: 11.66
[2024-12-15T10:01:17.001Z] LOST: 7.45 -> 9.69 (30% increase)
[2024-12-15T10:01:17.002Z] Low crash: 1.9 < 2. Count: 2
[2024-12-15T10:01:20.000Z] New crash detected: 1.4
[2024-12-15T10:01:20.100Z] === PLACING BET ===
[2024-12-15T10:01:20.101Z] Current bet amount: 9.69
[2024-12-15T10:01:20.102Z] Last bet amount: 7.45
[2024-12-15T10:01:20.103Z] Original bet amount: 5
[2024-12-15T10:01:22.000Z] Loss this round: 9.69, Total profit: 1.97
[2024-12-15T10:01:22.001Z] LOST: 9.69 -> 12.60 (30% increase)
[2024-12-15T10:01:22.002Z] Low crash: 1.4 < 2. Count: 3
[2024-12-15T10:01:22.003Z] SKIP TRIGGERED: 3 crashes < 2
[2024-12-15T10:01:25.000Z] New crash detected: 2.3
[2024-12-15T10:01:25.001Z] BET SKIPPED
[2024-12-15T10:01:30.000Z] New crash detected: 3.8
[2024-12-15T10:01:30.001Z] BET SKIPPED
[2024-12-15T10:01:35.000Z] New crash detected: 7.2
[2024-12-15T10:01:35.001Z] RESUME: Crash 7.2 >= 5
[2024-12-15T10:01:35.100Z] === PLACING BET ===
[2024-12-15T10:01:35.101Z] Current bet amount: 12.60
[2024-12-15T10:01:35.102Z] Last bet amount: 9.69
[2024-12-15T10:01:35.103Z] Original bet amount: 5
[2024-12-15T10:01:37.000Z] Profit this round: 18.90, Total profit: 20.87
[2024-12-15T10:01:37.001Z] WON: 12.60 -> 9.45 (-25% decrease)
[2024-12-15T10:01:37.002Z] Crash reached threshold: 7.2 >= 2, reset count
[2024-12-15T10:01:40.000Z] New crash detected: 2.6
[2024-12-15T10:01:40.100Z] === PLACING BET ===
[2024-12-15T10:01:40.101Z] Current bet amount: 9.45
[2024-12-15T10:01:40.102Z] Last bet amount: 12.60
[2024-12-15T10:01:40.103Z] Original bet amount: 5
[2024-12-15T10:01:42.000Z] Profit this round: 14.18, Total profit: 35.05
[2024-12-15T10:01:42.001Z] WON: 9.45 -> 7.09 (-25% decrease)
[2024-12-15T10:01:42.002Z] Crash reached threshold: 2.6 >= 2, reset count
[2024-12-15T10:01:45.000Z] New crash detected: 8.5
[2024-12-15T10:01:45.100Z] === PLACING BET ===
[2024-12-15T10:01:45.101Z] Current bet amount: 7.09
[2024-12-15T10:01:45.102Z] Last bet amount: 9.45
[2024-12-15T10:01:45.103Z] Original bet amount: 5
[2024-12-15T10:01:47.000Z] Profit this round: 10.64, Total profit: 45.69
[2024-12-15T10:01:47.001Z] WON: 7.09 -> 5.32 (-25% decrease)
[2024-12-15T10:01:47.002Z] Crash reached threshold: 8.5 >= 2, reset count
[2024-12-15T10:01:50.000Z] New crash detected: 1.6
[2024-12-15T10:01:50.100Z] === PLACING BET ===
[2024-12-15T10:01:50.101Z] Current bet amount: 5.32
[2024-12-15T10:01:50.102Z] Last bet amount: 7.09
[2024-12-15T10:01:50.103Z] Original bet amount: 5
[2024-12-15T10:01:52.000Z] Loss this round: 5.32, Total profit: 40.37
[2024-12-15T10:01:52.001Z] LOST: 5.32 -> 6.92 (30% increase)
[2024-12-15T10:01:52.002Z] Low crash: 1.6 < 2. Count: 1
[2024-12-15T10:01:55.000Z] New crash detected: 5.1
[2024-12-15T10:01:55.100Z] === PLACING BET ===
[2024-12-15T10:01:55.101Z] Current bet amount: 6.92
[2024-12-15T10:01:55.102Z] Last bet amount: 5.32
[2024-12-15T10:01:55.103Z] Original bet amount: 5
[2024-12-15T10:01:57.000Z] Profit this round: 10.38, Total profit: 50.75
[2024-12-15T10:01:57.001Z] WON: 6.92 -> 5.19 (-25% decrease)
[2024-12-15T10:01:57.002Z] Crash reached threshold: 5.1 >= 2, reset count
[2024-12-15T10:02:00.000Z] New crash detected: 3.1
[2024-12-15T10:02:00.100Z] === PLACING BET ===
[2024-12-15T10:02:00.101Z] Current bet amount: 5.19
[2024-12-15T10:02:00.102Z] Last bet amount: 6.92
[2024-12-15T10:02:00.103Z] Original bet amount: 5
[2024-12-15T10:02:02.000Z] Profit this round: 7.79, Total profit: 58.54
[2024-12-15T10:02:02.001Z] WON: 5.19 -> 3.89 (-25% decrease)
[2024-12-15T10:02:02.002Z] Crash reached threshold: 3.1 >= 2, reset count
[2024-12-15T10:02:05.000Z] New crash detected: 1.8
[2024-12-15T10:02:05.100Z] === PLACING BET ===
[2024-12-15T10:02:05.101Z] Current bet amount: 3.89
[2024-12-15T10:02:05.102Z] Last bet amount: 5.19
[2024-12-15T10:02:05.103Z] Original bet amount: 5
[2024-12-15T10:02:07.000Z] Loss this round: 3.89, Total profit: 54.65
[2024-12-15T10:02:07.001Z] LOST: 3.89 -> 5.06 (30% increase)
[2024-12-15T10:02:07.002Z] Low crash: 1.8 < 2. Count: 1
[2024-12-15T10:02:10.000Z] New crash detected: 4.7
[2024-12-15T10:02:10.100Z] === PLACING BET ===
[2024-12-15T10:02:10.101Z] Current bet amount: 5.06
[2024-12-15T10:02:10.102Z] Last bet amount: 3.89
[2024-12-15T10:02:10.103Z] Original bet amount: 5
[2024-12-15T10:02:12.000Z] Profit this round: 7.59, Total profit: 62.24
[2024-12-15T10:02:12.001Z] WON: 5.06 -> 3.80 (-25% decrease)
[2024-12-15T10:02:12.002Z] Crash reached threshold: 4.7 >= 2, reset count
[2024-12-15T10:02:15.000Z] New crash detected: 2.2
[2024-12-15T10:02:15.100Z] === PLACING BET ===
[2024-12-15T10:02:15.101Z] Current bet amount: 3.80
[2024-12-15T10:02:15.102Z] Last bet amount: 5.06
[2024-12-15T10:02:15.103Z] Original bet amount: 5
[2024-12-15T10:02:17.000Z] Loss this round: 3.80, Total profit: 58.44
[2024-12-15T10:02:17.001Z] LOST: 3.80 -> 4.94 (30% increase)
[2024-12-15T10:02:17.002Z] Crash reached threshold: 2.2 >= 2, reset count
[2024-12-15T10:02:20.000Z] New crash detected: 6.8
[2024-12-15T10:02:20.100Z] === PLACING BET ===
[2024-12-15T10:02:20.101Z] Current bet amount: 4.94
[2024-12-15T10:02:20.102Z] Last bet amount: 3.80
[2024-12-15T10:02:20.103Z] Original bet amount: 5
[2024-12-15T10:02:22.000Z] Profit this round: 7.41, Total profit: 65.85
[2024-12-15T10:02:22.001Z] WON: 4.94 -> 3.71 (-25% decrease)
[2024-12-15T10:02:22.002Z] Crash reached threshold: 6.8 >= 2, reset count
[2024-12-15T10:02:25.000Z] New crash detected: 1.4
[2024-12-15T10:02:25.100Z] === PLACING BET ===
[2024-12-15T10:02:25.101Z] Current bet amount: 3.71
[2024-12-15T10:02:25.102Z] Last bet amount: 4.94
[2024-12-15T10:02:25.103Z] Original bet amount: 5
[2024-12-15T10:02:27.000Z] Loss this round: 3.71, Total profit: 62.14
[2024-12-15T10:02:27.001Z] LOST: 3.71 -> 4.82 (30% increase)
[2024-12-15T10:02:27.002Z] Low crash: 1.4 < 2. Count: 1
[2024-12-15T10:02:30.000Z] New crash detected: 1.9
[2024-12-15T10:02:30.100Z] === PLACING BET ===
[2024-12-15T10:02:30.101Z] Current bet amount: 4.82
[2024-12-15T10:02:30.102Z] Last bet amount: 3.71
[2024-12-15T10:02:30.103Z] Original bet amount: 5
[2024-12-15T10:02:32.000Z] Loss this round: 4.82, Total profit: 57.32
[2024-12-15T10:02:32.001Z] LOST: 4.82 -> 6.27 (30% increase)
[2024-12-15T10:02:32.002Z] Low crash: 1.9 < 2. Count: 2
[2024-12-15T10:02:35.000Z] New crash detected: 1.1
[2024-12-15T10:02:35.100Z] === PLACING BET ===
[2024-12-15T10:02:35.101Z] Current bet amount: 6.27
[2024-12-15T10:02:35.102Z] Last bet amount: 4.82
[2024-12-15T10:02:35.103Z] Original bet amount: 5
[2024-12-15T10:02:37.000Z] Loss this round: 6.27, Total profit: 51.05
[2024-12-15T10:02:37.001Z] LOST: 6.27 -> 8.15 (30% increase)
[2024-12-15T10:02:37.002Z] Low crash: 1.1 < 2. Count: 3
[2024-12-15T10:02:37.003Z] SKIP TRIGGERED: 3 crashes < 2
[2024-12-15T10:02:40.000Z] New crash detected: 3.4
[2024-12-15T10:02:40.001Z] BET SKIPPED
[2024-12-15T10:02:45.000Z] New crash detected: 2.7
[2024-12-15T10:02:45.001Z] BET SKIPPED
[2024-12-15T10:02:50.000Z] New crash detected: 8.1
[2024-12-15T10:02:50.001Z] RESUME: Crash 8.1 >= 5
[2024-12-15T10:02:50.100Z] === PLACING BET ===
[2024-12-15T10:02:50.101Z] Current bet amount: 8.15
[2024-12-15T10:02:50.102Z] Last bet amount: 6.27
[2024-12-15T10:02:50.103Z] Original bet amount: 5
[2024-12-15T10:02:52.000Z] Profit this round: 12.23, Total profit: 63.28
[2024-12-15T10:02:52.001Z] WON: 8.15 -> 6.11 (-25% decrease)
[2024-12-15T10:02:52.002Z] Crash reached threshold: 8.1 >= 2, reset count
[2024-12-15T10:02:55.000Z] New crash detected: 2.9
[2024-12-15T10:02:55.100Z] === PLACING BET ===
[2024-12-15T10:02:55.101Z] Current bet amount: 6.11
[2024-12-15T10:02:55.102Z] Last bet amount: 8.15
[2024-12-15T10:02:55.103Z] Original bet amount: 5
[2024-12-15T10:02:57.000Z] Profit this round: 9.17, Total profit: 72.45
[2024-12-15T10:02:57.001Z] WON: 6.11 -> 4.58 (-25% decrease)
[2024-12-15T10:02:57.002Z] Crash reached threshold: 2.9 >= 2, reset count
[2024-12-15T10:03:00.000Z] New crash detected: 1.7
[2024-12-15T10:03:00.100Z] === PLACING BET ===
[2024-12-15T10:03:00.101Z] Current bet amount: 4.58
[2024-12-15T10:03:00.102Z] Last bet amount: 6.11
[2024-12-15T10:03:00.103Z] Original bet amount: 5
[2024-12-15T10:03:02.000Z] Loss this round: 4.58, Total profit: 67.87
[2024-12-15T10:03:02.001Z] LOST: 4.58 -> 5.95 (30% increase)
[2024-12-15T10:03:02.002Z] Low crash: 1.7 < 2. Count: 1
[2024-12-15T10:03:05.000Z] New crash detected: 5.3
[2024-12-15T10:03:05.100Z] === PLACING BET ===
[2024-12-15T10:03:05.101Z] Current bet amount: 5.95
[2024-12-15T10:03:05.102Z] Last bet amount: 4.58
[2024-12-15T10:03:05.103Z] Original bet amount: 5
[2024-12-15T10:03:07.000Z] Profit this round: 8.93, Total profit: 76.80
[2024-12-15T10:03:07.001Z] WON: 5.95 -> 4.46 (-25% decrease)
[2024-12-15T10:03:07.002Z] Crash reached threshold: 5.3 >= 2, reset count
[2024-12-15T10:03:10.000Z] New crash detected: 3.6
[2024-12-15T10:03:10.100Z] === PLACING BET ===
[2024-12-15T10:03:10.101Z] Current bet amount: 4.46
[2024-12-15T10:03:10.102Z] Last bet amount: 5.95
[2024-12-15T10:03:10.103Z] Original bet amount: 5
[2024-12-15T10:03:12.000Z] Profit this round: 6.69, Total profit: 83.49
[2024-12-15T10:03:12.001Z] WON: 4.46 -> 3.35 (-25% decrease)
[2024-12-15T10:03:12.002Z] Crash reached threshold: 3.6 >= 2, reset count
[2024-12-15T10:03:15.000Z] New crash detected: 1.3
[2024-12-15T10:03:15.100Z] === PLACING BET ===
[2024-12-15T10:03:15.101Z] Current bet amount: 3.35
[2024-12-15T10:03:15.102Z] Last bet amount: 4.46
[2024-12-15T10:03:15.103Z] Original bet amount: 5
[2024-12-15T10:03:17.000Z] Loss this round: 3.35, Total profit: 80.14
[2024-12-15T10:03:17.001Z] LOST: 3.35 -> 4.36 (30% increase)
[2024-12-15T10:03:17.002Z] Low crash: 1.3 < 2. Count: 1
[2024-12-15T10:03:20.000Z] New crash detected: 7.4
[2024-12-15T10:03:20.100Z] === PLACING BET ===
[2024-12-15T10:03:20.101Z] Current bet amount: 4.36
[2024-12-15T10:03:20.102Z] Last bet amount: 3.35
[2024-12-15T10:03:20.103Z] Original bet amount: 5
[2024-12-15T10:03:22.000Z] Profit this round: 6.54, Total profit: 86.68
[2024-12-15T10:03:22.001Z] WON: 4.36 -> 3.27 (-25% decrease)
[2024-12-15T10:03:22.002Z] Crash reached threshold: 7.4 >= 2, reset count
[2024-12-15T10:03:25.000Z] New crash detected: 2.4
[2024-12-15T10:03:25.100Z] === PLACING BET ===
[2024-12-15T10:03:25.101Z] Current bet amount: 3.27
[2024-12-15T10:03:25.102Z] Last bet amount: 4.36
[2024-12-15T10:03:25.103Z] Original bet amount: 5
[2024-12-15T10:03:27.000Z] Loss this round: 3.27, Total profit: 83.41
[2024-12-15T10:03:27.001Z] LOST: 3.27 -> 4.25 (30% increase)
[2024-12-15T10:03:27.002Z] Crash reached threshold: 2.4 >= 2, reset count
[2024-12-15T10:03:30.000Z] New crash detected: 9.2
[2024-12-15T10:03:30.100Z] === PLACING BET ===
[2024-12-15T10:03:30.101Z] Current bet amount: 4.25
[2024-12-15T10:03:30.102Z] Last bet amount: 3.27
[2024-12-15T10:03:30.103Z] Original bet amount: 5
[2024-12-15T10:03:32.000Z] Profit this round: 6.38, Total profit: 89.79
[2024-12-15T10:03:32.001Z] WON: 4.25 -> 3.19 (-25% decrease)
[2024-12-15T10:03:32.002Z] Crash reached threshold: 9.2 >= 2, reset count
[2024-12-15T10:03:35.000Z] New crash detected: 1.5
[2024-12-15T10:03:35.100Z] === PLACING BET ===
[2024-12-15T10:03:35.101Z] Current bet amount: 3.19
[2024-12-15T10:03:35.102Z] Last bet amount: 4.25
[2024-12-15T10:03:35.103Z] Original bet amount: 5
[2024-12-15T10:03:37.000Z] Loss this round: 3.19, Total profit: 86.60
[2024-12-15T10:03:37.001Z] LOST: 3.19 -> 4.15 (30% increase)
[2024-12-15T10:03:37.002Z] Low crash: 1.5 < 2. Count: 1
[2024-12-15T10:03:40.000Z] New crash detected: 4.1
[2024-12-15T10:03:40.100Z] === PLACING BET ===
[2024-12-15T10:03:40.101Z] Current bet amount: 4.15
[2024-12-15T10:03:40.102Z] Last bet amount: 3.19
[2024-12-15T10:03:40.103Z] Original bet amount: 5
[2024-12-15T10:03:42.000Z] Profit this round: 6.23, Total profit: 92.83
[2024-12-15T10:03:42.001Z] WON: 4.15 -> 3.11 (-25% decrease)
[2024-12-15T10:03:42.002Z] Crash reached threshold: 4.1 >= 2, reset count
[2024-12-15T10:03:45.000Z] New crash detected: 1.8
[2024-12-15T10:03:45.100Z] === PLACING BET ===
[2024-12-15T10:03:45.101Z] Current bet amount: 3.11
[2024-12-15T10:03:45.102Z] Last bet amount: 4.15
[2024-12-15T10:03:45.103Z] Original bet amount: 5
[2024-12-15T10:03:47.000Z] Loss this round: 3.11, Total profit: 89.72
[2024-12-15T10:03:47.001Z] LOST: 3.11 -> 4.04 (30% increase)
[2024-12-15T10:03:47.002Z] Low crash: 1.8 < 2. Count: 1
[2024-12-15T10:03:50.000Z] New crash detected: 6.7
[2024-12-15T10:03:50.100Z] === PLACING BET ===
[2024-12-15T10:03:50.101Z] Current bet amount: 4.04
[2024-12-15T10:03:50.102Z] Last bet amount: 3.11
[2024-12-15T10:03:50.103Z] Original bet amount: 5
[2024-12-15T10:03:52.000Z] Profit this round: 6.06, Total profit: 95.78
[2024-12-15T10:03:52.001Z] WON: 4.04 -> 3.03 (-25% decrease)
[2024-12-15T10:03:52.002Z] Crash reached threshold: 6.7 >= 2, reset count
[2024-12-15T10:03:55.000Z] New crash detected: 2.8
[2024-12-15T10:03:55.100Z] === PLACING BET ===
[2024-12-15T10:03:55.101Z] Current bet amount: 3.03
[2024-12-15T10:03:55.102Z] Last bet amount: 4.04
[2024-12-15T10:03:55.103Z] Original bet amount: 5
[2024-12-15T10:03:57.000Z] Profit this round: 4.55, Total profit: 100.33
[2024-12-15T10:03:57.001Z] WON: 3.03 -> 2.27 (-25% decrease)
[2024-12-15T10:03:57.002Z] Crash reached threshold: 2.8 >= 2, reset count
[2024-12-15T10:04:00.000Z] AUTO-BETTING STOPPED